[done] base/WDE-05 exit=0 seconds=137
[done] base/WDE-03 exit=0 seconds=205
[done] base/WDE-04 exit=0 seconds=241
[done] base/WDE-02 exit=0 seconds=250
[done] base/WDE-01 exit=0 seconds=257
[done] wde/WDE-01 exit=0 seconds=289
[done] wde/WDE-02 exit=0 seconds=319
[done] wde/WDE-03 exit=0 seconds=379
[done] wde/WDE-05 exit=0 seconds=186
[done] design-list/WDE-05 exit=0 seconds=146
[done] wde/WDE-04 exit=0 seconds=327
[done] discovered/WDE-02 exit=0 seconds=221
[done] design-list/WDE-01 exit=0 seconds=407
[done] discovered/WDE-01 exit=0 seconds=285
[done] design-list/WDE-04 exit=0 seconds=379
[done] discovered/WDE-04 exit=0 seconds=227
[done] discovered/WDE-05 exit=0 seconds=133
[done] design-list/WDE-03 exit=0 seconds=502
[done] discovered/WDE-03 exit=0 seconds=331
[done] design-list/WDE-02 exit=0 seconds=587
ALL DONE
